FROZEN DESIGN VERIFY PASS
AUDIT PASS: 45 registered files
train: 0 cached, 1650 to retrieve
train: 100/1650 new (1.08/s)
train: 200/1650 new (1.04/s)
train: 300/1650 new (1.05/s)
train: 400/1650 new (1.05/s)
train: 500/1650 new (1.04/s)
train: 600/1650 new (1.05/s)
train: 700/1650 new (1.05/s)
train: 800/1650 new (1.05/s)
train: 900/1650 new (1.04/s)
train: 1000/1650 new (1.05/s)
train: 1100/1650 new (1.04/s)
train: 1200/1650 new (1.04/s)
train: 1300/1650 new (1.04/s)
train: 1400/1650 new (1.04/s)
train: 1500/1650 new (1.04/s)
train: 1600/1650 new (1.04/s)
train: 1650/1650 new (1.04/s)
test: 0 cached, 4200 to retrieve
test: 100/4200 new (1.02/s)
test: 200/4200 new (1.00/s)
test: 300/4200 new (1.02/s)
test: 400/4200 new (1.02/s)
test: 500/4200 new (0.99/s)
test: 600/4200 new (1.01/s)
test: 700/4200 new (1.00/s)
test: 800/4200 new (1.00/s)
test: 900/4200 new (0.99/s)
test: 1000/4200 new (0.99/s)
test: 1100/4200 new (0.97/s)
test: 1200/4200 new (0.98/s)
test: 1300/4200 new (0.98/s)
test: 1400/4200 new (0.99/s)
test: 1500/4200 new (0.99/s)
test: 1600/4200 new (1.00/s)
test: 1700/4200 new (1.00/s)
test: 1800/4200 new (1.00/s)
test: 1900/4200 new (1.00/s)
test: 2000/4200 new (1.00/s)
test: 2100/4200 new (1.01/s)
test: 2200/4200 new (1.01/s)
test: 2300/4200 new (1.01/s)
test: 2400/4200 new (1.00/s)
test: 2500/4200 new (1.00/s)
test: 2600/4200 new (1.00/s)
test: 2700/4200 new (1.00/s)
test: 2800/4200 new (0.99/s)
test: 2900/4200 new (0.99/s)
test: 3000/4200 new (0.99/s)
test: 3100/4200 new (0.99/s)
test: 3200/4200 new (0.98/s)
test: 3300/4200 new (0.98/s)
test: 3400/4200 new (0.97/s)
test: 3500/4200 new (0.97/s)
test: 3600/4200 new (0.96/s)
test: 3700/4200 new (0.96/s)
test: 3800/4200 new (0.96/s)
test: 3900/4200 new (0.96/s)
test: 4000/4200 new (0.96/s)
test: 4100/4200 new (0.96/s)
test: 4200/4200 new (0.96/s)
features seed=None: 400/4200 (17.65/s)
features seed=None: 800/4200 (17.45/s)
features seed=None: 1200/4200 (17.65/s)
features seed=None: 1600/4200 (17.71/s)
features seed=None: 2000/4200 (17.81/s)
features seed=None: 2400/4200 (17.83/s)
features seed=None: 2800/4200 (17.79/s)
features seed=None: 3200/4200 (17.82/s)
features seed=None: 3600/4200 (18.02/s)
features seed=None: 4000/4200 (18.08/s)
features seed=None: 4200/4200 (18.15/s)
features seed=113: 400/1650 (18.64/s)
features seed=113: 800/1650 (18.51/s)
features seed=113: 1200/1650 (18.75/s)
features seed=113: 1600/1650 (18.74/s)
features seed=113: 1650/1650 (18.74/s)
features seed=127: 400/1650 (20.02/s)
features seed=127: 800/1650 (20.32/s)
features seed=127: 1200/1650 (20.44/s)
features seed=127: 1600/1650 (19.90/s)
features seed=127: 1650/1650 (19.82/s)
features seed=139: 400/1650 (18.35/s)
features seed=139: 800/1650 (19.55/s)
features seed=139: 1200/1650 (19.50/s)
features seed=139: 1600/1650 (18.95/s)
features seed=139: 1650/1650 (18.89/s)
features seed=151: 400/1650 (19.44/s)
features seed=151: 800/1650 (19.42/s)
features seed=151: 1200/1650 (19.35/s)
features seed=151: 1600/1650 (19.29/s)
features seed=151: 1650/1650 (19.24/s)
features seed=163: 400/1650 (20.19/s)
features seed=163: 800/1650 (20.24/s)
features seed=163: 1200/1650 (20.00/s)
features seed=163: 1600/1650 (19.69/s)
features seed=163: 1650/1650 (19.61/s)
{
  "status": "PHASE1_COMMITTED",
  "workspace": "/workspace/scratch/43fffca7547e/CURE_OR_V2_PHASE1_c6ygf",
  "commit": "4a888493531dfa797efa765adc2057e73564eacc59a9e42c86b8ef2b27c1b237",
  "warning_calibration": {
    "cliffs": 69,
    "noncliffs": 81,
    "timely": 59,
    "false": 6,
    "timely_rate": 0.855072463768116,
    "false_alarm_rate": 0.07407407407407407,
    "median_lead": 4.0
  },
  "repair_eligible_models": 4
}
